
 ⛅️ wrangler 4.144.0 (update available 4.147.0)
───────────────────────────────────────────────
Resource location: remote 

Migrations to be applied:
┌──────────────────────────┐
│ name                     │
├──────────────────────────┤
│ 0014_phase2_evidence.sql │
└──────────────────────────┘
? About to apply 1 migration(s)
Your database may not be available to serve requests during the migration, continue?
🤖 Using fallback value in non-interactive context: yes
🌀 Executing on remote database uprivate-intelligence (796475b7-6819-48fe-b61e-16971d36c985):
🌀 To execute on your local development database, remove the --remote flag from your wrangler command.
🚣 Executed 11 commands in 3.79ms
┌──────────────────────────┬────────┐
│ name                     │ status │
├──────────────────────────┼────────┤
│ 0014_phase2_evidence.sql │ ✅     │
└──────────────────────────┴────────┘
