2026-10-03T05:17:21.9000639Z ✔ public route subsets produce the same complete navigation data; filters still differ (397.209116ms)
2026-10-03T05:17:21.9543293Z ✔ HTML and navigation share freshness; cookies do not personalize public results (56.358274ms)
2026-10-03T05:17:22.0162697Z ✔ missing routes cannot be hidden by a root-only request; errors and redirects stay uncached (62.127976ms)
2026-10-03T05:17:22.0263290Z ✔ admin data and actions never become public cache entries (7.571634ms)
2026-10-03T05:17:22.0479389Z ✔ an elapsed release deadline cannot be extended by a fresh page/data response (23.810077ms)
2026-10-03T05:17:24.3856131Z ✔ browser freshness shares the selected deadline, including slow sibling loaders (2338.042462ms)
2026-10-03T05:17:24.3878132Z ✔ the edge may keep a page longer than browsers, which a withdrawal purge cannot reach (2.594557ms)
2026-10-03T05:17:24.4018552Z ✔ browser caching preserves noindex and private sign-in responses (13.745795ms)
2026-10-03T05:17:24.4061123Z ✔ a visitor cannot name its own address to the api without a trusted proxy in front (4.094894ms)
2026-10-03T05:17:24.4599864Z ✔ 主题HTML和导航数据共享发布截止，过期上游不得续期 (53.365566ms)
2026-10-03T05:17:24.4812056Z ✔ import keeps bookmarks with invalid dates and persists displayable replacements (22.83442ms)
2026-10-03T05:17:24.4812923Z ✔ stored bookmarks with damaged dates remain readable, exportable and removable (5.711945ms)
2026-10-03T05:17:24.4814124Z ✔ valid dates are preserved and an import cannot replace an existing bookmark (3.730937ms)
2026-10-03T05:17:24.4814773Z ✔ a cached tab merges newer saved bookmarks and read marks before writing (7.654165ms)
2026-10-03T05:17:24.4815452Z ✔ failed bookmark writes and damaged existing data do not report a successful toggle (4.49952ms)
2026-10-03T05:17:24.4816108Z ✔ a link to the site's own address becomes an in-site path (1.322311ms)
2026-10-03T05:17:24.4816597Z ✔ any other address opens in a new tab (0.374016ms)
2026-10-03T05:17:24.4817470Z ✔ production SSR daily masthead shows 405 instead of the navigation length (426.760666ms)
2026-10-03T05:17:24.4818185Z ✔ production SSR daily oldest detail retains its own first issue number (39.525323ms)
2026-10-03T05:17:24.4818825Z ✔ production SSR weekly masthead shows 405 instead of the navigation length (48.075375ms)
2026-10-03T05:17:24.4819463Z ✔ production SSR weekly oldest detail retains its own first issue number (30.500957ms)
2026-10-03T05:17:24.4820108Z ✔ production SSR monthly masthead shows 405 instead of the navigation length (17.191159ms)
2026-10-03T05:17:24.4820745Z ✔ production SSR monthly oldest detail retains its own first issue number (13.816638ms)
2026-10-03T05:17:24.4821439Z ✔ daily calendar keeps the current old issue number without inventing other old issues (1.131893ms)
2026-10-03T05:17:24.4822145Z ✔ daily known entries without numbers stay published without length-based fallback (0.410922ms)
2026-10-03T05:17:24.4822867Z ✔ weekly calendar keeps the current old issue number without inventing other old issues (1.03098ms)
2026-10-03T05:17:24.4823592Z ✔ weekly known entries without numbers stay published without length-based fallback (0.238251ms)
2026-10-03T05:17:24.4824329Z ✔ monthly calendar keeps the current old issue number without inventing other old issues (0.167874ms)
2026-10-03T05:17:24.4825408Z ✔ monthly known entries without numbers stay published without length-based fallback (0.041272ms)
2026-10-03T05:17:24.4826150Z ✔ public and admin loaders forward cancellation without turning it into a 503 (31.157569ms)
2026-10-03T05:17:24.4826825Z ✔ history cache batches writes and survives eviction, expiry and storage denial (70.267332ms)
2026-10-03T05:17:24.5059462Z ##[group]Run node scripts/migrate.ts
2026-10-03T05:17:24.5059836Z [36;1mnode scripts/seed.ts --topics-only[0m
2026-10-03T05:17:27.4286241Z ##[group]Run npm test
2026-10-03T05:17:28.1725095Z ✔ Agent discovery uses configured identity and current optional modules (13.444363ms)
2026-10-03T05:17:28.1726179Z ✔ empty answers are explicit and fixed reports include their flash section (0.530604ms)
2026-10-03T05:17:28.5580758Z ✔ an outage is announced once, repeated hourly, and closed with one recovery (182.225238ms)
2026-10-03T05:17:29.7680862Z ✖ SIGTERM during the final paid writing call still commits the complete analysis and publication (1030.799213ms)
2026-10-03T05:19:29.7684848Z ✖ SIGTERM during successful first score drains slower structure and leaves a retryable job (120000.915216ms)
2026-10-03T05:21:29.7728810Z ✖ SIGTERM during failed first score drains slower structure and leaves a retryable job (120000.480843ms)
2026-10-03T05:21:30.1932879Z ✖ every prompt in the pack renders, and the site's name replaces AIHOT's (17.57337ms)
2026-10-03T05:23:30.1942636Z ✖ a selected item: prefilter, two scores, the content understanding and the structure (120001.173401ms)
2026-10-03T05:25:30.1949566Z ✖ a near-selected item is written like a selected one; below the floor it is translated (120000.297954ms)
2026-10-03T05:27:30.1954012Z ✖ the prefilter's BLOCK stops everything; UNKNOWN goes on like PASS (120000.456325ms)
2026-10-03T05:29:30.1950551Z ✖ a feed summary alone: the article page is fetched first, then the whole article is judged (119999.688127ms)
2026-10-03T05:31:30.1981807Z ✖ a short post in Chinese is its own copy; a content-filter refusal is translated instead (119999.934ms)
2026-10-03T05:31:30.1982795Z ✔ guards: a company the input does not name is not written in; long summaries are cut at sentences (3.328858ms)
2026-10-03T05:33:30.1996927Z ✖ analysing the same revision again reuses every paid answer (120000.414241ms)
2026-10-03T05:33:30.3321821Z ✔ the web reaches the backend only over HTTP (10.539684ms)
2026-10-03T05:33:30.3324412Z ✔ packages never import the apps, and nothing below the admin imports it (18.285378ms)
2026-10-03T05:33:30.3329245Z ✔ public routes read content only through the public read layer (1.255711ms)
2026-10-03T05:33:30.3330332Z ✔ the tables that carry a rule are written only by the module that owns it (7.860098ms)
2026-10-03T05:33:30.3332510Z ✔ the public scope and the composite rule are spelled once, in publication/scope.ts (4.664981ms)
2026-10-03T05:33:30.3994969Z ✔ 绝对截止优先于fresh和stale窗口，并发读共享刷新 (1.690659ms)
2026-10-03T05:33:30.4009710Z ✔ 发布后加入的读者不会接受发布前仍在途的过期快照 (0.264711ms)
2026-10-03T05:33:30.4018350Z ✔ clear后旧请求的完成不能替换新值或解除新请求的共享 (0.194054ms)
2026-10-03T05:33:30.4019693Z ✔ 截止后刷新错误向读者传递，不回退为新鲜旧值 (0.52229ms)
2026-10-03T05:33:30.4020115Z ✔ 没有绝对截止的调用保留原有后台刷新语义 (0.239042ms)
2026-10-03T05:33:32.3260458Z ✔ an X search longer than one run is read to the old watermark over the next runs (1547.807104ms)
2026-10-03T05:33:32.3589420Z ✔ a WeChat body that failed for a passing reason is fetched on the next check and analysed again (33.112974ms)
2026-10-03T05:33:32.8202170Z ✔ diagnostics find URL aliases, unpublished titles and an exact ID even when other titles mention it (26.057284ms)
2026-10-03T05:33:32.8516471Z ✔ concurrent source intake creates one source for the same feed (31.571666ms)
2026-10-03T05:33:32.9253886Z ✔ source counts preserve selected, unselected and out-of-window distinctions (73.663955ms)
2026-10-03T05:33:32.9730858Z ✔ a source transaction rolled back at commit leaves no successful audit entry (47.623832ms)
2026-10-03T05:33:33.0248079Z ✔ content corrections, public projection and audit either commit together or remain retryable (51.658883ms)
2026-10-03T05:33:33.0734328Z ✔ repeating a completed command returns its job without resetting newer processing or a manual detach (48.487426ms)
2026-10-03T05:33:33.1121661Z ✔ a rejected SEO correction leaves both the decision and public indexing unchanged (36.05722ms)
2026-10-03T05:33:33.6614520Z ✔ detail enrichment shares material identity across duplicate cards and changing tracking parameters (153.726209ms)
2026-10-03T05:33:33.6850843Z ✔ html sections explicitly configured as posts retain distinct identities (23.602497ms)
2026-10-03T05:33:33.7030854Z ✔ markdown sections explicitly configured as posts retain distinct identities (17.901453ms)
2026-10-03T05:33:33.7153565Z ✔ an invalid epoch_s date is unknown and does not discard the listing (12.325778ms)
2026-10-03T05:33:33.7299021Z ✔ an invalid epoch_ms date is unknown and does not discard the listing (9.90928ms)
2026-10-03T05:33:34.4392594Z ✔ 已初始化 RSS 的第 61 条在接受 304 前已经保存 (298.842445ms)
2026-10-03T05:33:34.4440659Z ✔ JSON 普通采集保留 0 条返回记录 (4.924574ms)
2026-10-03T05:33:34.4534879Z ✔ JSON 普通采集保留 1 条返回记录 (9.22802ms)
2026-10-03T05:33:34.6492020Z ✔ JSON 普通采集保留 59 条返回记录 (195.66525ms)
2026-10-03T05:33:34.8327994Z ✔ JSON 普通采集保留 60 条返回记录 (183.504029ms)
2026-10-03T05:33:35.0362552Z ✔ JSON 普通采集保留 61 条返回记录 (203.380625ms)
2026-10-03T05:33:35.3238837Z ✔ JSON 普通采集保留 100 条返回记录 (287.455227ms)
2026-10-03T05:33:35.8848419Z ✔ 超过参数数量上限的大列表仍判重并保存新尾部 (560.735734ms)
2026-10-03T05:33:36.3576644Z ✔ 前 60 条已知时仍创建和修订尾部，并只排入正常处理一次 (472.738755ms)
2026-10-03T05:33:36.6772634Z ✔ 网页列表的 100 条文章不会因新文在前而丢失 (319.618968ms)
2026-10-03T05:33:36.9683753Z ✔ 网页列表的 100 条文章不会因旧文在前而丢失 (290.940248ms)
2026-10-03T05:33:37.2736887Z ✔ 首次回灌保留数量和年龄限制，下一次普通采集补齐再接受 304 (305.305705ms)
2026-10-03T05:33:37.7107508Z ✔ 大列表仍严格限制详情请求并保留已知详情标题 (437.045108ms)
2026-10-03T05:33:37.9698029Z ✔ 尾部归一化别名仍取首次记录，URL、分类和噪声过滤保持生效 (258.666487ms)
2026-10-03T05:33:38.2930182Z ✔ 尾部存储失败不推进 RSS 验证器，重试补齐且不重复修订 (320.197274ms)
2026-10-03T05:33:38.9637205Z ✔ manual recovery requires an explicit valid outcome before changing or sending a delivery (55.539087ms)
2026-10-03T05:33:38.9923166Z ✔ only an explicit webhook acknowledgement counts as delivered (29.124102ms)
2026-10-03T05:33:38.9958901Z ✔ a disabled target cannot receive a manual retry (3.684748ms)
2026-10-03T05:33:39.0061754Z ✔ a withdrawn selected item cannot be sent through manual recovery (10.229235ms)
2026-10-03T05:33:39.0173444Z ✔ a withdrawal while one target is sending stops the following mirror (11.116744ms)
2026-10-03T05:33:39.0532652Z ✔ concurrent sibling claims reserve a target once, including the pending delivery (35.199303ms)
2026-10-03T05:33:39.3653573Z ✔ same model and text refresh stored dimension2 to requested dimension4 (45.579258ms)
2026-10-03T05:33:39.3750236Z ✔ same model and text refresh stored dimension8 to requested dimension4 (9.544799ms)
2026-10-03T05:33:39.3858356Z ✔ compatible database/fact cache hits preserve precision, text changes and kind isolation (10.705075ms)
2026-10-03T05:33:39.3885600Z ✔ incompatible cached fact vectors fall back to a compatible stored vector (2.849103ms)
2026-10-03T05:33:39.4101357Z ✔ nonfinite and empty stored vectors are refreshed (20.437454ms)
2026-10-03T05:33:39.4807165Z ✔ warm-up refreshes wrong dimensions and wrong models then makes no new requests (71.431288ms)
2026-10-03T05:33:39.5364843Z ✔ grouping refreshes an old-length report and joins its existing fact with a finite score (55.659278ms)
2026-10-03T05:33:39.5373675Z ✔ cosine guards number array inputs without prefix comparison (1.163851ms)
2026-10-03T05:33:39.5388040Z ✔ cosine guards Float32Array recall inputs without prefix comparison (1.052443ms)
2026-10-03T05:33:39.5462213Z ✔ invalid wrong dimension response writes no embeddings and reuses the receipt (7.470599ms)
2026-10-03T05:33:39.5523807Z ✔ invalid empty vector response writes no embeddings and reuses the receipt (6.340203ms)
2026-10-03T05:33:39.5596036Z ✔ invalid nonfinite coordinate response writes no embeddings and reuses the receipt (7.145902ms)
2026-10-03T05:33:39.5670064Z ✔ invalid nonnumeric coordinate response writes no embeddings and reuses the receipt (7.284247ms)
2026-10-03T05:33:39.5738727Z ✔ invalid missing result response writes no embeddings and reuses the receipt (6.890741ms)
2026-10-03T05:33:39.5803932Z ✔ invalid duplicate index response writes no embeddings and reuses the receipt (6.58608ms)
2026-10-03T05:33:39.5874002Z ✔ invalid out-of-range index response writes no embeddings and reuses the receipt (6.521843ms)
2026-10-03T05:33:39.5932973Z ✔ invalid fractional index response writes no embeddings and reuses the receipt (6.201374ms)
2026-10-03T05:33:39.6090478Z ✔ invalid negative index response writes no embeddings and reuses the receipt (14.232816ms)
2026-10-03T05:33:39.6137667Z ✔ invalid missing data response writes no embeddings and reuses the receipt (6.201248ms)
2026-10-03T05:33:39.6206352Z ✔ valid reordered batch indices preserve input mapping (6.257332ms)
2026-10-03T05:33:39.7878018Z ✔ a restarted process with changed dimensions gets a distinct paid receipt (167.348084ms)
2026-10-03T05:33:39.9359934Z ✔ provider-default mode reuses valid stored sizes and omits dimensions for new requests (147.311485ms)
2026-10-03T05:33:40.4476873Z ✔ a stale page successful response cannot change newer material (111.521873ms)
2026-10-03T05:33:40.4610206Z ✔ a stale page empty response cannot change newer material (12.848209ms)
2026-10-03T05:33:40.4821662Z ✔ a stale X Article successful response cannot change newer material (21.432354ms)
2026-10-03T05:33:40.4932511Z ✔ a stale X Article empty response cannot change newer material (11.340277ms)
2026-10-03T05:33:40.5223934Z ✔ overlapping page extractions and an unchanged admin retry create only one body revision (28.867835ms)
2026-10-03T05:33:40.5710392Z ✔ an obsolete extraction failure cannot penalize a newer complete report (47.166868ms)
2026-10-03T05:33:41.1856893Z ✔ a listing read with an unknown outcome is not paid for again until it is released (137.139974ms)
2026-10-03T05:33:41.2133641Z ✔ a listing parsed with selectors is read from Jina as rendered HTML, dates included (29.05277ms)
2026-10-03T05:33:41.2519047Z ✔ a received listing survives storage failure, while invalid renderings can refresh (38.444718ms)
2026-10-03T05:33:41.2628813Z ✔ successful admin previews finish their read without waiting for material storage (11.154486ms)
2026-10-03T05:33:41.8218845Z ✔ a failed audit rolls back the receipt release and the processing job (161.523176ms)
2026-10-03T05:33:41.8473907Z ✔ a manual re-evaluation survives extraction, a lost job, and receipt release with the same paid identity (25.38988ms)
2026-10-03T05:33:41.8706544Z ✔ an already released receipt wakes its failed grouping job once, with the original parameters (23.463589ms)
2026-10-03T05:33:41.8986689Z ✖ a temporary provider failure resumes the manual evaluation instead of reinstalling the old verdict (27.297424ms)
2026-10-03T05:35:41.9035536Z ✖ a late refusal for an old revision preserves the new revision's completed processing (120001.641402ms)
2026-10-03T05:35:42.1636776Z ✔ a failed first database connection does not poison all later queue requests (56.432567ms)
2026-10-03T05:35:42.3402814Z ✔ shutdown drains and reuses paid results while refusing new pages and retries before budget reservation (33.687995ms)
2026-10-03T05:35:42.4937001Z ✔ stale recovery waiting on a response transaction preserves its committed answer and attempt (54.877162ms)
2026-10-03T05:35:42.9058382Z ✔ source details preserve the configured first-party identity at every tier (25.698136ms)
2026-10-03T05:35:43.0028639Z ✔ promoting a settled auto-created source resumes normal editorial extraction (97.193289ms)
2026-10-03T05:37:43.0041276Z ✖ resumed extraction and analysis publish the fetched body at its current revision (120000.681932ms)
2026-10-03T05:39:43.0042725Z ✖ hot-signal promotion analyzes a ready body without fetching and retains relevance filtering (120000.141813ms)
2026-10-03T05:41:43.0056123Z ✖ promotion preserves history, material identity and manual editorial/grouping overrides (120000.86093ms)
2026-10-03T05:42:14.8591456Z ##[error]The operation was canceled.
